cannot be sent between threads safely
tests/compile_fails/not_send_dep.rs
required for `Pair<MyOwner>` to implement `Send`
