cannot be shared between threads safely
tests/compile_fails/not_sync_owner.rs
required for `Pair<NotSync>` to implement `Sync`
